Archive member included to satisfy reference by file (symbol)

C:/devkitPro/libgba/lib\libgba.a(xcomms_print.o)
                              XbooLoad.o (xcomms_dprintf)
C:/devkitPro/libgba/lib\libgba.a(pcx.o)
                              XbooLoad.o (DecodePCX)
C:/devkitPro/libgba/lib\libgba.a(interrupt.o)
                              XbooLoad.o (irqInit)
C:/devkitPro/libgba/lib\libgba.a(xcomms.o)
                              C:/devkitPro/libgba/lib\libgba.a(xcomms_print.o) (xcomms_send)
C:/devkitPro/libgba/lib\libgba.a(fade.o)
                              XbooLoad.o (FadeToGrayScale)
C:/devkitPro/libgba/lib\libgba.a(input.o)
                              XbooLoad.o (keysDown)
C:/devkitPro/libgba/lib\libgba.a(InterruptDispatcher.o)
                              C:/devkitPro/libgba/lib\libgba.a(interrupt.o) (IntrMain)
c:/devkitpro/devkitarm/bin/../lib/gcc/arm-none-eabi/8.1.0/thumb\libgcc.a(_divsi3.o)
                              C:/devkitPro/libgba/lib\libgba.a(fade.o) (__aeabi_idiv)
c:/devkitpro/devkitarm/bin/../lib/gcc/arm-none-eabi/8.1.0/thumb\libgcc.a(_dvmd_tls.o)
                              c:/devkitpro/devkitarm/bin/../lib/gcc/arm-none-eabi/8.1.0/thumb\libgcc.a(_divsi3.o) (__aeabi_idiv0)
c:/devkitpro/devkitarm/bin/../lib/gcc/arm-none-eabi/8.1.0/../../../../arm-none-eabi/lib/thumb\libg.a(lib_a-init.o)
                              c:/devkitpro/devkitarm/bin/../lib/gcc/arm-none-eabi/8.1.0/../../../../arm-none-eabi/lib/thumb/gba_crt0.o (__libc_init_array)
c:/devkitpro/devkitarm/bin/../lib/gcc/arm-none-eabi/8.1.0/../../../../arm-none-eabi/lib/thumb\libg.a(lib_a-malloc.o)
                              XbooLoad.o (malloc)
c:/devkitpro/devkitarm/bin/../lib/gcc/arm-none-eabi/8.1.0/../../../../arm-none-eabi/lib/thumb\libg.a(lib_a-mallocr.o)
                              c:/devkitpro/devkitarm/bin/../lib/gcc/arm-none-eabi/8.1.0/../../../../arm-none-eabi/lib/thumb\libg.a(lib_a-malloc.o) (_malloc_r)
c:/devkitpro/devkitarm/bin/../lib/gcc/arm-none-eabi/8.1.0/../../../../arm-none-eabi/lib/thumb\libg.a(lib_a-memset.o)
                              C:/devkitPro/libgba/lib\libgba.a(pcx.o) (memset)
c:/devkitpro/devkitarm/bin/../lib/gcc/arm-none-eabi/8.1.0/../../../../arm-none-eabi/lib/thumb\libg.a(lib_a-mlock.o)
                              c:/devkitpro/devkitarm/bin/../lib/gcc/arm-none-eabi/8.1.0/../../../../arm-none-eabi/lib/thumb\libg.a(lib_a-mallocr.o) (__malloc_lock)
c:/devkitpro/devkitarm/bin/../lib/gcc/arm-none-eabi/8.1.0/../../../../arm-none-eabi/lib/thumb\libg.a(lib_a-strlen-stub.o)
                              C:/devkitPro/libgba/lib\libgba.a(xcomms.o) (strlen)
c:/devkitpro/devkitarm/bin/../lib/gcc/arm-none-eabi/8.1.0/../../../../arm-none-eabi/lib/thumb\libg.a(lib_a-vsnprintf.o)
                              C:/devkitPro/libgba/lib\libgba.a(xcomms_print.o) (vsnprintf)
c:/devkitpro/devkitarm/bin/../lib/gcc/arm-none-eabi/8.1.0/../../../../arm-none-eabi/lib/thumb\libg.a(lib_a-freer.o)
                              c:/devkitpro/devkitarm/bin/../lib/gcc/arm-none-eabi/8.1.0/../../../../arm-none-eabi/lib/thumb\libg.a(lib_a-malloc.o) (_free_r)
c:/devkitpro/devkitarm/bin/../lib/gcc/arm-none-eabi/8.1.0/../../../../arm-none-eabi/lib/thumb\libg.a(lib_a-svfprintf.o)
                              c:/devkitpro/devkitarm/bin/../lib/gcc/arm-none-eabi/8.1.0/../../../../arm-none-eabi/lib/thumb\libg.a(lib_a-vsnprintf.o) (_svfprintf_r)
c:/devkitpro/devkitarm/bin/../lib/gcc/arm-none-eabi/8.1.0/../../../../arm-none-eabi/lib/thumb\libg.a(lib_a-wcrtomb.o)
                              c:/devkitpro/devkitarm/bin/../lib/gcc/arm-none-eabi/8.1.0/../../../../arm-none-eabi/lib/thumb\libg.a(lib_a-svfprintf.o) (_wcrtomb_r)
c:/devkitpro/devkitarm/bin/../lib/gcc/arm-none-eabi/8.1.0/../../../../arm-none-eabi/lib/thumb\libg.a(lib_a-wcsrtombs.o)
                              c:/devkitpro/devkitarm/bin/../lib/gcc/arm-none-eabi/8.1.0/../../../../arm-none-eabi/lib/thumb\libg.a(lib_a-svfprintf.o) (_wcsrtombs_r)
c:/devkitpro/devkitarm/bin/../lib/gcc/arm-none-eabi/8.1.0/../../../../arm-none-eabi/lib/thumb\libg.a(lib_a-dtoa.o)
                              c:/devkitpro/devkitarm/bin/../lib/gcc/arm-none-eabi/8.1.0/../../../../arm-none-eabi/lib/thumb\libg.a(lib_a-svfprintf.o) (_dtoa_r)
c:/devkitpro/devkitarm/bin/../lib/gcc/arm-none-eabi/8.1.0/../../../../arm-none-eabi/lib/thumb\libg.a(lib_a-localeconv.o)
                              c:/devkitpro/devkitarm/bin/../lib/gcc/arm-none-eabi/8.1.0/../../../../arm-none-eabi/lib/thumb\libg.a(lib_a-svfprintf.o) (_localeconv_r)
c:/devkitpro/devkitarm/bin/../lib/gcc/arm-none-eabi/8.1.0/../../../../arm-none-eabi/lib/thumb\libg.a(lib_a-locale.o)
                              c:/devkitpro/devkitarm/bin/../lib/gcc/arm-none-eabi/8.1.0/../../../../arm-none-eabi/lib/thumb\libg.a(lib_a-svfprintf.o) (__global_locale)
c:/devkitpro/devkitarm/bin/../lib/gcc/arm-none-eabi/8.1.0/../../../../arm-none-eabi/lib/thumb\libg.a(lib_a-mbtowc_r.o)
[...]
Memory Configuration

Name             Origin             Length             Attributes
rom              0x0000000008000000 0x0000000002000000
iwram            0x0000000003000000 0x0000000000008000
ewram            0x0000000002000000 0x0000000000040000
*default*        0x0000000000000000 0xffffffffffffffff

Linker script and memory map

                0x0000000002000000                __text_start = ORIGIN (ewram)
                0x0000000002040000                __eheap_end = (ORIGIN (ewram) + LENGTH (ewram))
                0x0000000003000000                __iwram_start = ORIGIN (iwram)
                0x0000000003008000                __iwram_top = (ORIGIN (iwram) + LENGTH (iwram))
                0x0000000003007fa0                __sp_irq = (__iwram_top - 0x60)
                0x0000000003007f00                __sp_usr = (__sp_irq - 0xa0)
                0x0000000003007ff8                __irq_flags = 0x3007ff8
                0x0000000002000000                . = __text_start
                0x0000000002000000                . = __text_start

.crt0           0x0000000002000000      0x210
 *(.crt0)
 .crt0          0x0000000002000000      0x210 c:/devkitpro/devkitarm/bin/../lib/gcc/arm-none-eabi/8.1.0/../../../../arm-none-eabi/lib/thumb/gba_crt0.o
                0x0000000002000000                _start
                0x00000000020000c4                __boot_method
                0x00000000020000c5                __slave_number
                0x00000000020000e0                start_vector
                0x0000000002000210                . = ALIGN (0x4)

.init           0x0000000002000210        0xc
 *(SORT_NONE(.init))
 .init          0x0000000002000210        0x4 c:/devkitpro/devkitarm/bin/../lib/gcc/arm-none-eabi/8.1.0/thumb/crti.o
                0x0000000002000210                _init
 .init          0x0000000002000214        0x8 c:/devkitpro/devkitarm/bin/../lib/gcc/arm-none-eabi/8.1.0/thumb/crtn.o

.plt            0x000000000200021c        0x0
 *(.plt)
                0x000000000200021c                . = ALIGN (0x4)

.text           0x000000000200021c     0x797c
 *(EXCLUDE_FILE(*.iwram*) .text)
 .text          0x000000000200021c       0x88 XbooLoad.o
                0x000000000200021c                LoadPic
 .text          0x00000000020002a4       0x3c C:/devkitPro/libgba/lib\libgba.a(xcomms_print.o)
                0x00000000020002a4                xcomms_dprintf
 .text          0x00000000020002e0      0x1bc C:/devkitPro/libgba/lib\libgba.a(pcx.o)
                0x00000000020002e0                DecodePCX
 .text          0x000000000200049c      0x3b8 C:/devkitPro/libgba/lib\libgba.a(interrupt.o)
                0x000000000200049c                dummy
                0x00000000020004a0                InitInterrupt
                0x00000000020004fc                irqInit
                0x0000000002000558                SetInterrupt
                0x000000000200063c                irqSet
                0x0000000002000720                EnableInterrupt
                0x000000000200076c                irqEnable
                0x00000000020007bc                DisableInterrupt
                0x0000000002000808                irqDisable
 .text          0x0000000002000854      0x6c4 C:/devkitPro/libgba/lib\libgba.a(xcomms.o)
                0x0000000002000854                xcomms_recv
                0x000000000200087c                xcomms_send
                0x00000000020008a4                xcomms_init
                0x00000000020008c0                xcomms_exchange
                0x00000000020008ec                xcomms_dputchar
                0x0000000002000920                xcomms_sendblock
                0x00000000020009bc                xcomms_readblock
                0x0000000002000a34                xcomms_dfopen
                0x0000000002000b3c                xcomms_dfclose
                0x0000000002000b70                xcomms_fseek
                0x0000000002000bd8                xcomms_ftell
                0x0000000002000c24                xcomms_dfgetc
                0x0000000002000c74                xcomms_dfputc
                0x0000000002000cc0                xcomms_fread
                0x0000000002000d94                xcomms_fwrite
                0x0000000002000e90                xcomms_getch
                0x0000000002000ed4                xcomms_kbhit
 .text          0x0000000002000f18      0x24c C:/devkitPro/libgba/lib\libgba.a(fade.o)
                0x0000000002000fc8                SetPalette
                0x0000000002000ff0                FadeToGrayScale
                0x00000000020010a8                FadeToPalette
 .text          0x0000000002001164       0xbc C:/devkitPro/libgba/lib\libgba.a(input.o)
                0x0000000002001164                setRepeat
                0x0000000002001170                scanKeys
                0x00000000020011e4                keysDownRepeat
                0x00000000020011f4                keysDown
                0x0000000002001204                keysUp
                0x0000000002001214                keysHeld
 .text          0x0000000002001220      0x150 c:/devkitpro/devkitarm/bin/../lib/gcc/arm-none-eabi/8.1.0/thumb\libgcc.a(_divsi3.o)
                0x0000000002001220                __divsi3
                0x0000000002001220                __aeabi_idiv
                0x0000000002001350                __aeabi_idivmod
 .text          0x0000000002001370        0x4 c:/devkitpro/devkitarm/bin/../lib/gcc/arm-none-eabi/8.1.0/thumb\libgcc.a(_dvmd_tls.o)
                0x0000000002001370                __aeabi_idiv0
                0x0000000002001370                __aeabi_ldiv0
 .text          0x0000000002001374       0x14 c:/devkitpro/devkitarm/bin/../lib/gcc/arm-none-eabi/8.1.0/thumb\libgcc.a(_thumb1_case_uqi.o)
                0x0000000002001374                __gnu_thumb1_case_uqi
 .text          0x0000000002001388       0x14 c:/devkitpro/devkitarm/bin/../lib/gcc/arm-none-eabi/8.1.0/thumb\libgcc.a(_thumb1_case_uhi.o)
                0x0000000002001388                __gnu_thumb1_case_uhi
 .text          0x000000000200139c      0x11c c:/devkitpro/devkitarm/bin/../lib/gcc/arm-none-eabi/8.1.0/thumb\libgcc.a(_udivsi3.o)
                0x000000000200139c                __aeabi_uidiv
                0x000000000200139c                __udivsi3
                0x0000000002001498                __aeabi_uidivmod
 .text          0x00000000020014b8      0x424 c:/devkitpro/devkitarm/bin/../lib/gcc/arm-none-eabi/8.1.0/thumb\libgcc.a(_arm_addsubdf3.o)
                0x00000000020014b8                __aeabi_drsub
                0x00000000020014c0                __aeabi_dsub
                0x00000000020014c0                __subdf3
                0x00000000020014c4                __aeabi_dadd
                0x00000000020014c4                __adddf3
                0x00000000020017d4                __floatunsidf
                0x00000000020017d4                __aeabi_ui2d
                0x00000000020017f8                __floatsidf
                0x00000000020017f8                __aeabi_i2d
                0x0000000002001820                __aeabi_f2d
                0x0000000002001820                __extendsfdf2
                0x0000000002001868                __floatundidf
                0x0000000002001868                __aeabi_ul2d
                0x000000000200187c                __floatdidf
                0x000000000200187c                __aeabi_l2d
 .text          0x00000000020018dc      0x49c c:/devkitpro/devkitarm/bin/../lib/gcc/arm-none-eabi/8.1.0/thumb\libgcc.a(_arm_muldivdf3.o)
                0x00000000020018dc                __aeabi_dmul
                0x00000000020018dc                __muldf3
                0x0000000002001b6c                __divdf3
                0x0000000002001b6c                __aeabi_ddiv
 .text          0x0000000002001d78      0x144 c:/devkitpro/devkitarm/bin/../lib/gcc/arm-none-eabi/8.1.0/thumb\libgcc.a(_arm_cmpdf2.o)
                0x0000000002001d78                __gtdf2
                0x0000000002001d78                __gedf2
                0x0000000002001d80                __ltdf2
                0x0000000002001d80                __ledf2
                0x0000000002001d88                __nedf2
                0x0000000002001d88                __eqdf2
                0x0000000002001d88                __cmpdf2
                0x0000000002001e10                __aeabi_cdrcmple
                0x0000000002001e2c                __aeabi_cdcmpeq
                0x0000000002001e2c                __aeabi_cdcmple
                0x0000000002001e44                __aeabi_dcmpeq
                0x0000000002001e5c                __aeabi_dcmplt
                0x0000000002001e74                __aeabi_dcmple
                0x0000000002001e8c                __aeabi_dcmpge
                0x0000000002001ea4                __aeabi_dcmpgt
 .text          0x0000000002001ebc       0x38 c:/devkitpro/devkitarm/bin/../lib/gcc/arm-none-eabi/8.1.0/thumb\libgcc.a(_arm_unorddf2.o)
                0x0000000002001ebc                __unorddf2
                0x0000000002001ebc                __aeabi_dcmpun
 .text          0x0000000002001ef4       0x5c c:/devkitpro/devkitarm/bin/../lib/gcc/arm-none-eabi/8.1.0/thumb\libgcc.a(_arm_fixdfsi.o)
                0x0000000002001ef4                __aeabi_d2iz
                0x0000000002001ef4                __fixdfsi
 .text          0x0000000002001f50       0x3c c:/devkitpro/devkitarm/bin/../lib/gcc/arm-none-eabi/8.1.0/thumb\libgcc.a(_aeabi_uldivmod.o)
                0x0000000002001f50                __aeabi_uldivmod
 .text          0x0000000002001f8c       0x28 c:/devkitpro/devkitarm/bin/../lib/gcc/arm-none-eabi/8.1.0/thumb\libgcc.a(_clzdi2.o)
                0x0000000002001f8c                __clzdi2
 .text          0x0000000002001fb4       0x48 c:/devkitpro/devkitarm/bin/../lib/gcc/arm-none-eabi/8.1.0/thumb\libgcc.a(_clzsi2.o)
                0x0000000002001fb4                __clzsi2
 *(.text .stub .text.* .gnu.linkonce.t.*)
 .text.deregister_tm_clones
                0x0000000002001ffc       0x2c c:/devkitpro/devkitarm/bin/../lib/gcc/arm-none-eabi/8.1.0/thumb/crtbegin.o
 .text.register_tm_clones
                0x0000000002002028       0x34 c:/devkitpro/devkitarm/bin/../lib/gcc/arm-none-eabi/8.1.0/thumb/crtbegin.o
 .text.__do_global_dtors_aux
                0x000000000200205c       0x30 c:/devkitpro/devkitarm/bin/../lib/gcc/arm-none-eabi/8.1.0/thumb/crtbegin.o
 .text.frame_dummy
                0x000000000200208c       0x28 c:/devkitpro/devkitarm/bin/../lib/gcc/arm-none-eabi/8.1.0/thumb/crtbegin.o
 .text.startup  0x00000000020020b4       0x38 XbooLoad.o
                0x00000000020020b4                main
 .text.__libc_init_array
                0x00000000020020ec       0x50 c:/devkitpro/devkitarm/bin/../lib/gcc/arm-none-eabi/8.1.0/../../../../arm-none-eabi/lib/thumb\libg.a(lib_a-init.o)
                0x00000000020020ec                __libc_init_array
 .text.malloc   0x000000000200213c       0x14 c:/devkitpro/devkitarm/bin/../lib/gcc/arm-none-eabi/8.1.0/../../../../arm-none-eabi/lib/thumb\libg.a(lib_a-malloc.o)
                0x000000000200213c                malloc
 .text.free     0x0000000002002150       0x14 c:/devkitpro/devkitarm/bin/../lib/gcc/arm-none-eabi/8.1.0/../../../../arm-none-eabi/lib/thumb\libg.a(lib_a-malloc.o)
                0x0000000002002150                free
 .text._malloc_r
                0x0000000002002164      0x560 c:/devkitpro/devkitarm/bin/../lib/gcc/arm-none-eabi/8.1.0/../../../../arm-none-eabi/lib/thumb\libg.a(lib_a-mallocr.o)
                0x0000000002002164                _malloc_r
 .text.memset   0x00000000020026c4       0xb0 c:/devkitpro/devkitarm/bin/../lib/gcc/arm-none-eabi/8.1.0/../../../../arm-none-eabi/lib/thumb\libg.a(lib_a-memset.o)
                0x00000000020026c4                memset
 .text.__malloc_lock
                0x0000000002002774       0x14 c:/devkitpro/devkitarm/bin/../lib/gcc/arm-none-eabi/8.1.0/../../../../arm-none-eabi/lib/thumb\libg.a(lib_a-mlock.o)
                0x0000000002002774                __malloc_lock
 .text.__malloc_unlock
                0x0000000002002788       0x14 c:/devkitpro/devkitarm/bin/../lib/gcc/arm-none-eabi/8.1.0/../../../../arm-none-eabi/lib/thumb\libg.a(lib_a-mlock.o)
                0x0000000002002788                __malloc_unlock
 .text.strlen   0x000000000200279c       0x6c c:/devkitpro/devkitarm/bin/../lib/gcc/arm-none-eabi/8.1.0/../../../../arm-none-eabi/lib/thumb\libg.a(lib_a-strlen-stub.o)
                0x000000000200279c                strlen
 .text._vsnprintf_r
                0x0000000002002808       0x74 c:/devkitpro/devkitarm/bin/../lib/gcc/arm-none-eabi/8.1.0/../../../../arm-none-eabi/lib/thumb\libg.a(lib_a-vsnprintf.o)
                0x0000000002002808                _vsnprintf_r
 .text.vsnprintf
                0x000000000200287c       0x24 c:/devkitpro/devkitarm/bin/../lib/gcc/arm-none-eabi/8.1.0/../../../../arm-none-eabi/lib/thumb\libg.a(lib_a-vsnprintf.o)
                0x000000000200287c                vsnprintf
 .text._malloc_trim_r
                0x00000000020028a0       0xa4 c:/devkitpro/devkitarm/bin/../lib/gcc/arm-none-eabi/8.1.0/../../../../arm-none-eabi/lib/thumb\libg.a(lib_a-freer.o)
                0x00000000020028a0                _malloc_trim_r
 .text._free_r  0x0000000002002944      0x1e0 c:/devkitpro/devkitarm/bin/../lib/gcc/arm-none-eabi/8.1.0/../../../../arm-none-eabi/lib/thumb\libg.a(lib_a-freer.o)
                0x0000000002002944                _free_r
 .text.get_arg  0x0000000002002b24      0x3c8 c:/devkitpro/devkitarm/bin/../lib/gcc/arm-none-eabi/8.1.0/../../../../arm-none-eabi/lib/thumb\libg.a(lib_a-svfprintf.o)
 .text._svfprintf_r
                0x0000000002002eec     0x2430 c:/devkitpro/devkitarm/bin/../lib/gcc/arm-none-eabi/8.1.0/../../../../arm-none-eabi/lib/thumb\libg.a(lib_a-svfprintf.o)
                0x0000000002002eec                _svfprintf_r
 .text._wcrtomb_r
                0x000000000200531c       0x84 c:/devkitpro/devkitarm/bin/../lib/gcc/arm-none-eabi/8.1.0/../../../../arm-none-eabi/lib/thumb\libg.a(lib_a-wcrtomb.o)
                0x000000000200531c                _wcrtomb_r
 .text._wcsrtombs_r
                0x00000000020053a0       0x1c c:/devkitpro/devkitarm/bin/../lib/gcc/arm-none-eabi/8.1.0/../../../../arm-none-eabi/lib/thumb\libg.a(lib_a-wcsrtombs.o)
                0x00000000020053a0                _wcsrtombs_r
 .text.quorem   0x00000000020053bc      0x15c c:/devkitpro/devkitarm/bin/../lib/gcc/arm-none-eabi/8.1.0/../../../../arm-none-eabi/lib/thumb\libg.a(lib_a-dtoa.o)
 .text._dtoa_r  0x0000000002005518      0xfd8 c:/devkitpro/devkitarm/bin/../lib/gcc/arm-none-eabi/8.1.0/../../../../arm-none-eabi/lib/thumb\libg.a(lib_a-dtoa.o)
                0x0000000002005518                _dtoa_r
 .text._localeconv_r
                0x00000000020064f0       0x1c c:/devkitpro/devkitarm/bin/../lib/gcc/arm-none-eabi/8.1.0/../../../../arm-none-eabi/lib/thumb\libg.a(lib_a-localeconv.o)
                0x00000000020064f0                _localeconv_r
 .text.__locale_mb_cur_max
                0x000000000200650c       0x20 c:/devkitpro/devkitarm/bin/../lib/gcc/arm-none-eabi/8.1.0/../../../../arm-none-eabi/lib/thumb\libg.a(lib_a-locale.o)
                0x000000000200650c                __locale_mb_cur_max
 .text.__utf8_mbtowc
                0x000000000200652c      0x294 c:/devkitpro/devkitarm/bin/../lib/gcc/arm-none-eabi/8.1.0/../../../../arm-none-eabi/lib/thumb\libg.a(lib_a-mbtowc_r.o)
                0x000000000200652c                __utf8_mbtowc
 .text.memchr   0x00000000020067c0       0x84 c:/devkitpro/devkitarm/bin/../lib/gcc/arm-none-eabi/8.1.0/../../../../arm-none-eabi/lib/thumb\libg.a(lib_a-memchr-stub.o)
                0x00000000020067c0                memchr
 .text.memcpy   0x0000000002006844       0x9c c:/devkitpro/devkitarm/bin/../lib/gcc/arm-none-eabi/8.1.0/../../../../arm-none-eabi/lib/thumb\libg.a(lib_a-memcpy-stub.o)
                0x0000000002006844                memcpy
 .text._Balloc  0x00000000020068e0       0x54 c:/devkitpro/devkitarm/bin/../lib/gcc/arm-none-eabi/8.1.0/../../../../arm-none-eabi/lib/thumb\libg.a(lib_a-mprec.o)
                0x00000000020068e0                _Balloc
 .text._Bfree   0x0000000002006934       0x14 c:/devkitpro/devkitarm/bin/../lib/gcc/arm-none-eabi/8.1.0/../../../../arm-none-eabi/lib/thumb\libg.a(lib_a-mprec.o)
                0x0000000002006934                _Bfree
 .text.__multadd
                0x0000000002006948       0xa0 c:/devkitpro/devkitarm/bin/../lib/gcc/arm-none-eabi/8.1.0/../../../../arm-none-eabi/lib/thumb\libg.a(lib_a-mprec.o)
                0x0000000002006948                __multadd
 .text.__hi0bits
                0x00000000020069e8       0x38 c:/devkitpro/devkitarm/bin/../lib/gcc/arm-none-eabi/8.1.0/../../../../arm-none-eabi/lib/thumb\libg.a(lib_a-mprec.o)
                0x00000000020069e8                __hi0bits
 .text.__lo0bits
                0x0000000002006a20       0x5c c:/devkitpro/devkitarm/bin/../lib/gcc/arm-none-eabi/8.1.0/../../../../arm-none-eabi/lib/thumb\libg.a(lib_a-mprec.o)
                0x0000000002006a20                __lo0bits
 .text.__i2b    0x0000000002006a7c       0x18 c:/devkitpro/devkitarm/bin/../lib/gcc/arm-none-eabi/8.1.0/../../../../arm-none-eabi/lib/thumb\libg.a(lib_a-mprec.o)
                0x0000000002006a7c                __i2b
 .text.__multiply
                0x0000000002006a94      0x17c c:/devkitpro/devkitarm/bin/../lib/gcc/arm-none-eabi/8.1.0/../../../../arm-none-eabi/lib/thumb\libg.a(lib_a-mprec.o)
                0x0000000002006a94                __multiply
 .text.__pow5mult
                0x0000000002006c10       0xc0 c:/devkitpro/devkitarm/bin/../lib/gcc/arm-none-eabi/8.1.0/../../../../arm-none-eabi/lib/thumb\libg.a(lib_a-mprec.o)
                0x0000000002006c10                __pow5mult
 .text.__lshift
                0x0000000002006cd0       0xd0 c:/devkitpro/devkitarm/bin/../lib/gcc/arm-none-eabi/8.1.0/../../../../arm-none-eabi/lib/thumb\libg.a(lib_a-mprec.o)
                0x0000000002006cd0                __lshift
 .text.__mcmp   0x0000000002006da0       0x38 c:/devkitpro/devkitarm/bin/../lib/gcc/arm-none-eabi/8.1.0/../../../../arm-none-eabi/lib/thumb\libg.a(lib_a-mprec.o)
                0x0000000002006da0                __mcmp
 .text.__mdiff  0x0000000002006dd8      0x11c c:/devkitpro/devkitarm/bin/../lib/gcc/arm-none-eabi/8.1.0/../../../../arm-none-eabi/lib/thumb\libg.a(lib_a-mprec.o)
                0x0000000002006dd8                __mdiff
 .text.__d2b    0x0000000002006ef4       0xc0 c:/devkitpro/devkitarm/bin/../lib/gcc/arm-none-eabi/8.1.0/../../../../arm-none-eabi/lib/thumb\libg.a(lib_a-mprec.o)
                0x0000000002006ef4                __d2b
 .text.frexp    0x0000000002006fb4       0x68 c:/devkitpro/devkitarm/bin/../lib/gcc/arm-none-eabi/8.1.0/../../../../arm-none-eabi/lib/thumb\libg.a(lib_a-s_frexp.o)
                0x0000000002006fb4                frexp
 .text.strncpy  0x000000000200701c       0x84 c:/devkitpro/devkitarm/bin/../lib/gcc/arm-none-eabi/8.1.0/../../../../arm-none-eabi/lib/thumb\libg.a(lib_a-strncpy.o)
                0x000000000200701c                strncpy
 .text.__ssprint_r
                0x00000000020070a0      0x124 c:/devkitpro/devkitarm/bin/../lib/gcc/arm-none-eabi/8.1.0/../../../../arm-none-eabi/lib/thumb\libg.a(lib_a-svfiprintf.o)
                0x00000000020070a0                __ssprint_r
 .text._wcsnrtombs_l
                0x00000000020071c4      0x134 c:/devkitpro/devkitarm/bin/../lib/gcc/arm-none-eabi/8.1.0/../../../../arm-none-eabi/lib/thumb\libg.a(lib_a-wcsnrtombs.o)
                0x00000000020071c4                _wcsnrtombs_l
 .text._wcsnrtombs_r
                0x00000000020072f8       0x40 c:/devkitpro/devkitarm/bin/../lib/gcc/arm-none-eabi/8.1.0/../../../../arm-none-eabi/lib/thumb\libg.a(lib_a-wcsnrtombs.o)
                0x00000000020072f8                _wcsnrtombs_r
 .text.__utf8_wctomb
                0x0000000002007338       0xbc c:/devkitpro/devkitarm/bin/../lib/gcc/arm-none-eabi/8.1.0/../../../../arm-none-eabi/lib/thumb\libg.a(lib_a-wctomb_r.o)
                0x0000000002007338                __utf8_wctomb
 .text._calloc_r
                0x00000000020073f4       0x64 c:/devkitpro/devkitarm/bin/../lib/gcc/arm-none-eabi/8.1.0/../../../../arm-none-eabi/lib/thumb\libg.a(lib_a-callocr.o)
                0x00000000020073f4                _calloc_r
 .text.memmove  0x0000000002007458       0xb0 c:/devkitpro/devkitarm/bin/../lib/gcc/arm-none-eabi/8.1.0/../../../../arm-none-eabi/lib/thumb\libg.a(lib_a-memmove.o)
                0x0000000002007458                memmove
 .text._realloc_r
                0x0000000002007508      0x370 c:/devkitpro/devkitarm/bin/../lib/gcc/arm-none-eabi/8.1.0/../../../../arm-none-eabi/lib/thumb\libg.a(lib_a-reallocr.o)
                0x0000000002007508                _realloc_r
 .text._sbrk_r  0x0000000002007878       0x54 c:/devkitpro/devkitarm/bin/../lib/gcc/arm-none-eabi/8.1.0/../../../../arm-none-eabi/lib/thumb\libsysbase.a(sbrk.o)
                0x0000000002007878                _sbrk_r
 .text.__libc_lock_acquire_recursive
                0x00000000020078cc       0x1c c:/devkitpro/devkitarm/bin/../lib/gcc/arm-none-eabi/8.1.0/../../../../arm-none-eabi/lib/thumb\libsysbase.a(syscall_support.o)
                0x00000000020078cc                __libc_lock_acquire_recursive
 .text.__libc_lock_release_recursive
                0x00000000020078e8       0x1c c:/devkitpro/devkitarm/bin/../lib/gcc/arm-none-eabi/8.1.0/../../../../arm-none-eabi/lib/thumb\libsysbase.a(syscall_support.o)
                0x00000000020078e8                __libc_lock_release_recursive
 .text.__getreent
                0x0000000002007904       0x28 c:/devkitpro/devkitarm/bin/../lib/gcc/arm-none-eabi/8.1.0/../../../../arm-none-eabi/lib/thumb\libsysbase.a(getreent.o)
                0x0000000002007904                __getreent
 .text.__udivmoddi4
                0x000000000200792c      0x1a8 c:/devkitpro/devkitarm/bin/../lib/gcc/arm-none-eabi/8.1.0/thumb\libgcc.a(_udivmoddi4.o)
                0x000000000200792c                __udivmoddi4
 *fill*         0x0000000002007ad4        0x4 ff
 .text.__udivmoddi4.__stub
                0x0000000002007ad8       0xb4 linker stubs
 *(.text.*personality*)
 *(.gnu.warning)
 *(.glue_7t)
 .glue_7t       0x0000000002007b98        0x0 linker stubs
 *(.glue_7)
 .glue_7        0x0000000002007b98        0x0 linker stubs
 *(.vfp11_veneer)
 .vfp11_veneer  0x0000000002007b98        0x0 linker stubs
                0x0000000002007b98                . = ALIGN (0x4)
                0x0000000002007b98                __text_end = .

.v4_bx          0x0000000002007b98        0x0
 .v4_bx         0x0000000002007b98        0x0 linker stubs

.iplt           0x0000000002007b98        0x0
 .iplt          0x0000000002007b98        0x0 c:/devkitpro/devkitarm/bin/../lib/gcc/arm-none-eabi/8.1.0/../../../../arm-none-eabi/lib/thumb/gba_crt0.o

.fini           0x0000000002007b98        0xc
 *(.fini)
 .fini          0x0000000002007b98        0x4 c:/devkitpro/devkitarm/bin/../lib/gcc/arm-none-eabi/8.1.0/thumb/crti.o
                0x0000000002007b98                _fini
 .fini          0x0000000002007b9c        0x8 c:/devkitpro/devkitarm/bin/../lib/gcc/arm-none-eabi/8.1.0/thumb/crtn.o
                0x0000000002007ba4                . = ALIGN (0x4)

.rodata         0x0000000002007ba8      0x4b8
 *(.rodata)
 *all.rodata*(*)
 *(.roda)
 *(.rodata.*)
 .rodata.str1.4
                0x0000000002007ba8       0x25 XbooLoad.o
 .rodata._svfprintf_r.str1.1
                0x0000000002007bcd       0x3b c:/devkitpro/devkitarm/bin/../lib/gcc/arm-none-eabi/8.1.0/../../../../arm-none-eabi/lib/thumb\libg.a(lib_a-svfprintf.o)
 .rodata.blanks.7398
                0x0000000002007c08       0x10 c:/devkitpro/devkitarm/bin/../lib/gcc/arm-none-eabi/8.1.0/../../../../arm-none-eabi/lib/thumb\libg.a(lib_a-svfprintf.o)
 .rodata.zeroes.7399
                0x0000000002007c18       0x10 c:/devkitpro/devkitarm/bin/../lib/gcc/arm-none-eabi/8.1.0/../../../../arm-none-eabi/lib/thumb\libg.a(lib_a-svfprintf.o)
 .rodata._dtoa_r.str1.4
                0x0000000002007c28       0x12 c:/devkitpro/devkitarm/bin/../lib/gcc/arm-none-eabi/8.1.0/../../../../arm-none-eabi/lib/thumb\libg.a(lib_a-dtoa.o)
 *fill*         0x0000000002007c3a        0x2 ff
 .rodata.str1.4
                0x0000000002007c3c       0x48 c:/devkitpro/devkitarm/bin/../lib/gcc/arm-none-eabi/8.1.0/../../../../arm-none-eabi/lib/thumb\libg.a(lib_a-locale.o)
                                         0x4c (size before relaxing)
 *fill*         0x0000000002007c84        0x4 ff
 .rodata.__mprec_bigtens
                0x0000000002007c88       0x28 c:/devkitpro/devkitarm/bin/../lib/gcc/arm-none-eabi/8.1.0/../../../../arm-none-eabi/lib/thumb\libg.a(lib_a-mprec.o)
                0x0000000002007c88                __mprec_bigtens
 .rodata.__mprec_tens
                0x0000000002007cb0       0xc8 c:/devkitpro/devkitarm/bin/../lib/gcc/arm-none-eabi/8.1.0/../../../../arm-none-eabi/lib/thumb\libg.a(lib_a-mprec.o)
                0x0000000002007cb0                __mprec_tens
 .rodata.p05.6166
                0x0000000002007d78        0xc c:/devkitpro/devkitarm/bin/../lib/gcc/arm-none-eabi/8.1.0/../../../../arm-none-eabi/lib/thumb\libg.a(lib_a-mprec.o)
 .rodata.__action_table
                0x0000000002007d84       0x6c c:/devkitpro/devkitarm/bin/../lib/gcc/arm-none-eabi/8.1.0/../../../../arm-none-eabi/lib/thumb\libg.a(lib_a-svfiprintf.o)
                0x0000000002007d84                __action_table
 .rodata.__chclass
                0x0000000002007df0      0x100 c:/devkitpro/devkitarm/bin/../lib/gcc/arm-none-eabi/8.1.0/../../../../arm-none-eabi/lib/thumb\libg.a(lib_a-svfiprintf.o)
                0x0000000002007df0                __chclass
 .rodata.__state_table
                0x0000000002007ef0       0x6c c:/devkitpro/devkitarm/bin/../lib/gcc/arm-none-eabi/8.1.0/../../../../arm-none-eabi/lib/thumb\libg.a(lib_a-svfiprintf.o)
                0x0000000002007ef0                __state_table
 .rodata._ctype_
                0x0000000002007f5c      0x101 c:/devkitpro/devkitarm/bin/../lib/gcc/arm-none-eabi/8.1.0/../../../../arm-none-eabi/lib/thumb\libg.a(lib_a-ctype_.o)
                0x0000000002007f5c                _ctype_
 *(.gnu.linkonce.r*)
                0x0000000002008060                . = ALIGN (0x4)
 *fill*         0x000000000200805d        0x3 ff

.ARM.extab
 *(.ARM.extab* .gnu.linkonce.armextab.*)
                0x0000000002008060                __exidx_start = .

.ARM.exidx
 *(.ARM.exidx* .gnu.linkonce.armexidx.*)
                0x0000000002008060                __exidx_end = .
                0x0000000002008060                . = ALIGN (0x4)
                0x0000000002008060                PROVIDE (__preinit_array_start = .)

.preinit_array
 *(.preinit_array)
                0x0000000002008060                PROVIDE (__preinit_array_end = .)
                0x0000000002008060                PROVIDE (__init_array_start = .)

.init_array     0x0000000002008060        0x4
 *(.init_array)
 .init_array    0x0000000002008060        0x4 c:/devkitpro/devkitarm/bin/../lib/gcc/arm-none-eabi/8.1.0/thumb/crtbegin.o
                0x0000000002008064                PROVIDE (__init_array_end = .)
                [!provide]                        PROVIDE (__fini_array_start = .)

.fini_array     0x0000000002008064        0x4
 *(.fini_array)
 .fini_array    0x0000000002008064        0x4 c:/devkitpro/devkitarm/bin/../lib/gcc/arm-none-eabi/8.1.0/thumb/crtbegin.o
                [!provide]                        PROVIDE (__fini_array_end = .)

.ctors          0x0000000002008068        0x0
 *crtbegin.o(.ctors)
 *(EXCLUDE_FILE(*crtend.o) .ctors)
 *(SORT_BY_NAME(.ctors.*))
 *(.ctors)
                0x0000000002008068                . = ALIGN (0x4)

.dtors          0x0000000002008068        0x0
 *crtbegin.o(.dtors)
 *(EXCLUDE_FILE(*crtend.o) .dtors)
 *(SORT_BY_NAME(.dtors.*))
 *(.dtors)
                0x0000000002008068                . = ALIGN (0x4)

.jcr
 *(.jcr)

.eh_frame       0x0000000002008068        0x4
 *(.eh_frame)
 .eh_frame      0x0000000002008068        0x0 c:/devkitpro/devkitarm/bin/../lib/gcc/arm-none-eabi/8.1.0/thumb/crtbegin.o
 .eh_frame      0x0000000002008068        0x4 c:/devkitpro/devkitarm/bin/../lib/gcc/arm-none-eabi/8.1.0/thumb/crtend.o
                0x000000000200806c                . = ALIGN (0x4)

.gcc_except_table
                0x000000000200806c        0x0
 *(.gcc_except_table)
                0x000000000200806c                . = ALIGN (0x4)
                0x000000000200806c                __iwram_lma = .

.iwram          0x0000000003000000       0xb8 load address 0x000000000200806c
                0x0000000003000000                __iwram_start__ = ABSOLUTE (.)
 *(.iwram)
 .iwram         0x0000000003000000       0xb8 C:/devkitPro/libgba/lib\libgba.a(InterruptDispatcher.o)
                0x0000000003000000                IntrMain
 *iwram.*(.text)
                0x00000000030000b8                . = ALIGN (0x4)
                0x00000000030000b8                __iwram_end__ = ABSOLUTE (.)
                0x0000000002008124                __data_lma = (__iwram_lma + SIZEOF (.iwram))

.rel.dyn        0x00000000030000b8        0x0 load address 0x0000000002008124
 .rel.iplt      0x00000000030000b8        0x0 c:/devkitpro/devkitarm/bin/../lib/gcc/arm-none-eabi/8.1.0/../../../../arm-none-eabi/lib/thumb/gba_crt0.o

.bss            0x00000000030000b8      0x508
                0x00000000030000b8                __bss_start__ = ABSOLUTE (.)
 *(.dynbss)
 *(.gnu.linkonce.b*)
 *(.bss*)
 .bss.completed.8914
                0x00000000030000b8        0x1 c:/devkitpro/devkitarm/bin/../lib/gcc/arm-none-eabi/8.1.0/thumb/crtbegin.o
 *fill*         0x00000000030000b9        0x3 
 .bss.object.8919
                0x00000000030000bc       0x18 c:/devkitpro/devkitarm/bin/../lib/gcc/arm-none-eabi/8.1.0/thumb/crtbegin.o
 .bss           0x00000000030000d4        0xa C:/devkitPro/libgba/lib\libgba.a(input.o)
 *fill*         0x00000000030000de        0x2 
 .bss.__malloc_current_mallinfo
                0x00000000030000e0       0x28 c:/devkitpro/devkitarm/bin/../lib/gcc/arm-none-eabi/8.1.0/../../../../arm-none-eabi/lib/thumb\libg.a(lib_a-mallocr.o)
                0x00000000030000e0                __malloc_current_mallinfo
 .bss.__malloc_max_sbrked_mem
                0x0000000003000108        0x4 c:/devkitpro/devkitarm/bin/../lib/gcc/arm-none-eabi/8.1.0/../../../../arm-none-eabi/lib/thumb\libg.a(lib_a-mallocr.o)
                0x0000000003000108                __malloc_max_sbrked_mem
 .bss.__malloc_max_total_mem
                0x000000000300010c        0x4 c:/devkitpro/devkitarm/bin/../lib/gcc/arm-none-eabi/8.1.0/../../../../arm-none-eabi/lib/thumb\libg.a(lib_a-mallocr.o)
                0x000000000300010c                __malloc_max_total_mem
 .bss.__malloc_top_pad
                0x0000000003000110        0x4 c:/devkitpro/devkitarm/bin/../lib/gcc/arm-none-eabi/8.1.0/../../../../arm-none-eabi/lib/thumb\libg.a(lib_a-mallocr.o)
                0x0000000003000110                __malloc_top_pad
 .bss.heap_start.5957
                0x0000000003000114        0x4 c:/devkitpro/devkitarm/bin/../lib/gcc/arm-none-eabi/8.1.0/../../../../arm-none-eabi/lib/thumb\libsysbase.a(sbrk.o)
 .bss.fake_heap_end
                0x0000000003000118        0x4 c:/devkitpro/devkitarm/bin/../lib/gcc/arm-none-eabi/8.1.0/../../../../arm-none-eabi/lib/thumb\libsysbase.a(malloc_vars.o)
                0x0000000003000118                fake_heap_end
 .bss.fake_heap_start
                0x000000000300011c        0x4 c:/devkitpro/devkitarm/bin/../lib/gcc/arm-none-eabi/8.1.0/../../../../arm-none-eabi/lib/thumb\libsysbase.a(malloc_vars.o)
                0x000000000300011c                fake_heap_start
 .bss.__syscalls
                0x0000000003000120       0x38 c:/devkitpro/devkitarm/bin/../lib/gcc/arm-none-eabi/8.1.0/../../../../arm-none-eabi/lib/thumb\libsysbase.a(syscall_support.o)
                0x0000000003000120                __syscalls
 *(COMMON)
 COMMON         0x0000000003000158      0x200 XbooLoad.o
                0x0000000003000158                PaletteBuffer
 COMMON         0x0000000003000358      0x100 C:/devkitPro/libgba/lib\libgba.a(xcomms_print.o)
                0x0000000003000358                __outstr
 COMMON         0x0000000003000458       0xf0 C:/devkitPro/libgba/lib\libgba.a(pcx.o)
                0x0000000003000458                Buf
 COMMON         0x0000000003000548       0x78 C:/devkitPro/libgba/lib\libgba.a(interrupt.o)
                0x0000000003000548                IntrTable
                0x00000000030005c0                . = ALIGN (0x4)
                0x00000000030005c0                __bss_end__ = ABSOLUTE (.)

.data           0x00000000030005c0      0x9f0 load address 0x0000000002008124
                0x00000000030005c0                __data_start__ = ABSOLUTE (.)
 *(.data)
 .data          0x00000000030005c0        0x3 C:/devkitPro/libgba/lib\libgba.a(input.o)
 *(.data.*)
 *fill*         0x00000000030005c3        0x1 ff
 .data.__malloc_av_
                0x00000000030005c4      0x408 c:/devkitpro/devkitarm/bin/../lib/gcc/arm-none-eabi/8.1.0/../../../../arm-none-eabi/lib/thumb\libg.a(lib_a-mallocr.o)
                0x00000000030005c4                __malloc_av_
 .data.__malloc_sbrk_base
                0x00000000030009cc        0x4 c:/devkitpro/devkitarm/bin/../lib/gcc/arm-none-eabi/8.1.0/../../../../arm-none-eabi/lib/thumb\libg.a(lib_a-mallocr.o)
                0x00000000030009cc                __malloc_sbrk_base
 .data.__malloc_trim_threshold
                0x00000000030009d0        0x4 c:/devkitpro/devkitarm/bin/../lib/gcc/arm-none-eabi/8.1.0/../../../../arm-none-eabi/lib/thumb\libg.a(lib_a-mallocr.o)
                0x00000000030009d0                __malloc_trim_threshold
 .data.__malloc_recursive_mutex
                0x00000000030009d4        0xc c:/devkitpro/devkitarm/bin/../lib/gcc/arm-none-eabi/8.1.0/../../../../arm-none-eabi/lib/thumb\libg.a(lib_a-mlock.o)
 .data.__global_locale
                0x00000000030009e0      0x16c c:/devkitpro/devkitarm/bin/../lib/gcc/arm-none-eabi/8.1.0/../../../../arm-none-eabi/lib/thumb\libg.a(lib_a-locale.o)
                0x00000000030009e0                __global_locale
 .data._impure_ptr
                0x0000000003000b4c        0x4 c:/devkitpro/devkitarm/bin/../lib/gcc/arm-none-eabi/8.1.0/../../../../arm-none-eabi/lib/thumb\libg.a(lib_a-impure.o)
                0x0000000003000b4c                _impure_ptr
 .data.impure_data
                0x0000000003000b50      0x460 c:/devkitpro/devkitarm/bin/../lib/gcc/arm-none-eabi/8.1.0/../../../../arm-none-eabi/lib/thumb\libg.a(lib_a-impure.o)
 *(.gnu.linkonce.d*)
                0x0000000003000fb0                . = ALIGN (0x4)
                0x0000000003000fb0                __data_end__ = ABSOLUTE (.)
                0x0000000002008b14                __iwram_overlay_lma = (__data_lma + SIZEOF (.data))
                [!provide]                        PROVIDE (edata = .)
                0x0000000003000fb0                __iwram_overlay_start = .

.igot.plt       0x0000000003000fb0        0x0 load address 0x0000000002008b14
 .igot.plt      0x0000000003000fb0        0x0 c:/devkitpro/devkitarm/bin/../lib/gcc/arm-none-eabi/8.1.0/../../../../arm-none-eabi/lib/thumb/gba_crt0.o

.tm_clone_table
                0x0000000003000fb0        0x0 load address 0x0000000002008b14
 .tm_clone_table
                0x0000000003000fb0        0x0 c:/devkitpro/devkitarm/bin/../lib/gcc/arm-none-eabi/8.1.0/thumb/crtbegin.o
 .tm_clone_table
                0x0000000003000fb0        0x0 c:/devkitpro/devkitarm/bin/../lib/gcc/arm-none-eabi/8.1.0/thumb/crtend.o

.iwram0         0x0000000003000fb0        0x0 load address 0x0000000002008b14
 *(.iwram0)
                0x0000000003000fb0                . = ALIGN (0x4)
                0x0000000002008b14                PROVIDE (__load_start_iwram0 = LOADADDR (.iwram0))
                0x0000000002008b14                PROVIDE (__load_stop_iwram0 = (LOADADDR (.iwram0) + SIZEOF (.iwram0)))

.iwram1         0x0000000003000fb0        0x0
 *(.iwram1)
                0x0000000003000fb0                . = ALIGN (0x4)
                [!provide]                        PROVIDE (__load_start_iwram1 = LOADADDR (.iwram1))
                [!provide]                        PROVIDE (__load_stop_iwram1 = (LOADADDR (.iwram1) + SIZEOF (.iwram1)))

.iwram2         0x0000000003000fb0        0x0
 *(.iwram2)
                0x0000000003000fb0                . = ALIGN (0x4)
                [!provide]                        PROVIDE (__load_start_iwram2 = LOADADDR (.iwram2))
                [!provide]                        PROVIDE (__load_stop_iwram2 = (LOADADDR (.iwram2) + SIZEOF (.iwram2)))

.iwram3         0x0000000003000fb0        0x0
 *(.iwram3)
                0x0000000003000fb0                . = ALIGN (0x4)
                [!provide]                        PROVIDE (__load_start_iwram3 = LOADADDR (.iwram3))
                [!provide]                        PROVIDE (__load_stop_iwram3 = (LOADADDR (.iwram3) + SIZEOF (.iwram3)))

.iwram4         0x0000000003000fb0        0x0
 *(.iwram4)
                0x0000000003000fb0                . = ALIGN (0x4)
                [!provide]                        PROVIDE (__load_start_iwram4 = LOADADDR (.iwram4))
                [!provide]                        PROVIDE (__load_stop_iwram4 = (LOADADDR (.iwram4) + SIZEOF (.iwram4)))

.iwram5         0x0000000003000fb0        0x0
 *(.iwram5)
                0x0000000003000fb0                . = ALIGN (0x4)
                [!provide]                        PROVIDE (__load_start_iwram5 = LOADADDR (.iwram5))
                [!provide]                        PROVIDE (__load_stop_iwram5 = (LOADADDR (.iwram5) + SIZEOF (.iwram5)))

.iwram6         0x0000000003000fb0        0x0
 *(.iwram6)
                0x0000000003000fb0                . = ALIGN (0x4)
                [!provide]                        PROVIDE (__load_start_iwram6 = LOADADDR (.iwram6))
                [!provide]                        PROVIDE (__load_stop_iwram6 = (LOADADDR (.iwram6) + SIZEOF (.iwram6)))

.iwram7         0x0000000003000fb0        0x0
 *(.iwram7)
                0x0000000003000fb0                . = ALIGN (0x4)
                [!provide]                        PROVIDE (__load_start_iwram7 = LOADADDR (.iwram7))
                [!provide]                        PROVIDE (__load_stop_iwram7 = (LOADADDR (.iwram7) + SIZEOF (.iwram7)))

.iwram8         0x0000000003000fb0        0x0
 *(.iwram8)
                0x0000000003000fb0                . = ALIGN (0x4)
                [!provide]                        PROVIDE (__load_start_iwram8 = LOADADDR (.iwram8))
                [!provide]                        PROVIDE (__load_stop_iwram8 = (LOADADDR (.iwram8) + SIZEOF (.iwram8)))

.iwram9         0x0000000003000fb0        0x0
 *(.iwram9)
                0x0000000003000fb0                . = ALIGN (0x4)
                [!provide]                        PROVIDE (__load_start_iwram9 = LOADADDR (.iwram9))
                [!provide]                        PROVIDE (__load_stop_iwram9 = (LOADADDR (.iwram9) + SIZEOF (.iwram9)))
                0x0000000002008b14                __ewram_lma = ((((((((((LOADADDR (.iwram0) + SIZEOF (.iwram0)) + SIZEOF (.iwram1)) + SIZEOF (.iwram2)) + SIZEOF (.iwram3)) + SIZEOF (.iwram4)) + SIZEOF (.iwram5)) + SIZEOF (.iwram6)) + SIZEOF (.iwram7)) + SIZEOF (.iwram8)) + SIZEOF (.iwram9))
                0x0000000002008b14                __iwram_overlay_end = __ewram_lma
                0x0000000002008b14                __ewram_start = __ewram_lma

.ewram          0x0000000002008b14        0x0
 *(.ewram)
                0x0000000002008b14                . = ALIGN (0x4)
                0x0000000002008b14                __ewram_end = ABSOLUTE (.)
                0x0000000002008b14                __ewram_overlay_lma = (__ewram_lma + SIZEOF (.ewram))

.sbss           0x0000000002008b14     0x1c00
                0x0000000002008b14                __sbss_start__ = ABSOLUTE (.)
 *(.sbss)
 .sbss          0x0000000002008b14     0x1c00 C:/devkitPro/libgba/lib\libgba.a(fade.o)
                0x0000000002008b14                FadeTable
                0x000000000200a314                CurrentPalette
                0x000000000200a714                . = ALIGN (0x4)
                0x000000000200a714                __sbss_end__ = ABSOLUTE (.)
                0x000000000200a714                __end__ = ABSOLUTE (.)
                0x000000000200a714                __eheap_start = ABSOLUTE (.)

.ewram0         0x000000000200a714        0x0 load address 0x0000000002008b14
 *(.ewram0)
                0x000000000200a714                . = ALIGN (0x4)
                [!provide]                        PROVIDE (__load_start_ewram0 = LOADADDR (.ewram0))
                [!provide]                        PROVIDE (__load_stop_ewram0 = (LOADADDR (.ewram0) + SIZEOF (.ewram0)))

.ewram1         0x000000000200a714        0x0
 *(.ewram1)
                0x000000000200a714                . = ALIGN (0x4)
                [!provide]                        PROVIDE (__load_start_ewram1 = LOADADDR (.ewram1))
                [!provide]                        PROVIDE (__load_stop_ewram1 = (LOADADDR (.ewram1) + SIZEOF (.ewram1)))

.ewram2         0x000000000200a714        0x0
 *(.ewram2)
                0x000000000200a714                . = ALIGN (0x4)
                [!provide]                        PROVIDE (__load_start_ewram2 = LOADADDR (.ewram2))
                [!provide]                        PROVIDE (__load_stop_ewram2 = (LOADADDR (.ewram2) + SIZEOF (.ewram2)))

.ewram3         0x000000000200a714        0x0
 *(.ewram3)
                0x000000000200a714                . = ALIGN (0x4)
                [!provide]                        PROVIDE (__load_start_ewram3 = LOADADDR (.ewram3))
                [!provide]                        PROVIDE (__load_stop_ewram3 = (LOADADDR (.ewram3) + SIZEOF (.ewram3)))

.ewram4         0x000000000200a714        0x0
 *(.ewram4)
                0x000000000200a714                . = ALIGN (0x4)
                [!provide]                        PROVIDE (__load_start_ewram4 = LOADADDR (.ewram4))
                [!provide]                        PROVIDE (__load_stop_ewram4 = (LOADADDR (.ewram4) + SIZEOF (.ewram4)))

.ewram5         0x000000000200a714        0x0
 *(.ewram5)
                0x000000000200a714                . = ALIGN (0x4)
                [!provide]                        PROVIDE (__load_start_ewram5 = LOADADDR (.ewram5))
                [!provide]                        PROVIDE (__load_stop_ewram5 = (LOADADDR (.ewram5) + SIZEOF (.ewram5)))

.ewram6         0x000000000200a714        0x0
 *(.ewram6)
                0x000000000200a714                . = ALIGN (0x4)
                [!provide]                        PROVIDE (__load_start_ewram6 = LOADADDR (.ewram6))
                [!provide]                        PROVIDE (__load_stop_ewram6 = (LOADADDR (.ewram6) + SIZEOF (.ewram6)))

.ewram7         0x000000000200a714        0x0
 *(.ewram7)
                0x000000000200a714                . = ALIGN (0x4)
                [!provide]                        PROVIDE (__load_start_ewram7 = LOADADDR (.ewram7))
                [!provide]                        PROVIDE (__load_stop_ewram7 = (LOADADDR (.ewram7) + SIZEOF (.ewram7)))

.ewram8         0x000000000200a714        0x0
 *(.ewram8)
                0x000000000200a714                . = ALIGN (0x4)
                [!provide]                        PROVIDE (__load_start_ewram8 = LOADADDR (.ewram8))
                [!provide]                        PROVIDE (__load_stop_ewram8 = (LOADADDR (.ewram8) + SIZEOF (.ewram8)))

.ewram9         0x000000000200a714        0x0
 *(.ewram9)
                0x000000000200a714                . = ALIGN (0x4)
                [!provide]                        PROVIDE (__load_start_ewram9 = LOADADDR (.ewram9))
                [!provide]                        PROVIDE (__load_stop_ewram9 = (LOADADDR (.ewram9) + SIZEOF (.ewram9)))
                0x000000000200a714                __ewram_overlay_end = ABSOLUTE (.)
                0x000000000200a714                __eheap_start = __ewram_overlay_end
                0x000000000200a714                _end = __ewram_overlay_end
                0x000000000200a714                __end__ = __ewram_overlay_end
                0x000000000200a714                __rom_end__ = __ewram_overlay_end

.stab
 *(.stab)

.stabstr
 *(.stabstr)

.stab.excl
 *(.stab.excl)

.stab.exclstr
 *(.stab.exclstr)

.stab.index
 *(.stab.index)

.stab.indexstr
 *(.stab.indexstr)

.comment        0x0000000000000000       0x22
 *(.comment)
 .comment       0x0000000000000000       0x22 c:/devkitpro/devkitarm/bin/../lib/gcc/arm-none-eabi/8.1.0/thumb/crtbegin.o
                                         0x23 (size before relaxing)
 .comment       0x0000000000000022       0x23 XbooLoad.o
 .comment       0x0000000000000022       0x23 C:/devkitPro/libgba/lib\libgba.a(xcomms_print.o)
 .comment       0x0000000000000022       0x23 C:/devkitPro/libgba/lib\libgba.a(pcx.o)
 .comment       0x0000000000000022       0x23 C:/devkitPro/libgba/lib\libgba.a(interrupt.o)
 .comment       0x0000000000000022       0x23 C:/devkitPro/libgba/lib\libgba.a(xcomms.o)
 .comment       0x0000000000000022       0x23 C:/devkitPro/libgba/lib\libgba.a(fade.o)
 .comment       0x0000000000000022       0x23 C:/devkitPro/libgba/lib\libgba.a(input.o)
 .comment       0x0000000000000022       0x23 c:/devkitpro/devkitarm/bin/../lib/gcc/arm-none-eabi/8.1.0/../../../../arm-none-eabi/lib/thumb\libg.a(lib_a-init.o)
 .comment       0x0000000000000022       0x23 c:/devkitpro/devkitarm/bin/../lib/gcc/arm-none-eabi/8.1.0/../../../../arm-none-eabi/lib/thumb\libg.a(lib_a-malloc.o)
 .comment       0x0000000000000022       0x23 c:/devkitpro/devkitarm/bin/../lib/gcc/arm-none-eabi/8.1.0/../../../../arm-none-eabi/lib/thumb\libg.a(lib_a-mallocr.o)
 .comment       0x0000000000000022       0x23 c:/devkitpro/devkitarm/bin/../lib/gcc/arm-none-eabi/8.1.0/../../../../arm-none-eabi/lib/thumb\libg.a(lib_a-memset.o)
 .comment       0x0000000000000022       0x23 c:/devkitpro/devkitarm/bin/../lib/gcc/arm-none-eabi/8.1.0/../../../../arm-none-eabi/lib/thumb\libg.a(lib_a-mlock.o)
 .comment       0x0000000000000022       0x23 c:/devkitpro/devkitarm/bin/../lib/gcc/arm-none-eabi/8.1.0/../../../../arm-none-eabi/lib/thumb\libg.a(lib_a-strlen-stub.o)
 .comment       0x0000000000000022       0x23 c:/devkitpro/devkitarm/bin/../lib/gcc/arm-none-eabi/8.1.0/../../../../arm-none-eabi/lib/thumb\libg.a(lib_a-vsnprintf.o)
 .comment       0x0000000000000022       0x23 c:/devkitpro/devkitarm/bin/../lib/gcc/arm-none-eabi/8.1.0/../../../../arm-none-eabi/lib/thumb\libg.a(lib_a-freer.o)
 .comment       0x0000000000000022       0x23 c:/devkitpro/devkitarm/bin/../lib/gcc/arm-none-eabi/8.1.0/../../../../arm-none-eabi/lib/thumb\libg.a(lib_a-svfprintf.o)
 .comment       0x0000000000000022       0x23 c:/devkitpro/devkitarm/bin/../lib/gcc/arm-none-eabi/8.1.0/../../../../arm-none-eabi/lib/thumb\libg.a(lib_a-wcrtomb.o)
 .comment       0x0000000000000022       0x23 c:/devkitpro/devkitarm/bin/../lib/gcc/arm-none-eabi/8.1.0/../../../../arm-none-eabi/lib/thumb\libg.a(lib_a-wcsrtombs.o)
 .comment       0x0000000000000022       0x23 c:/devkitpro/devkitarm/bin/../lib/gcc/arm-none-eabi/8.1.0/../../../../arm-none-eabi/lib/thumb\libg.a(lib_a-dtoa.o)
 .comment       0x0000000000000022       0x23 c:/devkitpro/devkitarm/bin/../lib/gcc/arm-none-eabi/8.1.0/../../../../arm-none-eabi/lib/thumb\libg.a(lib_a-localeconv.o)
 .comment       0x0000000000000022       0x23 c:/devkitpro/devkitarm/bin/../lib/gcc/arm-none-eabi/8.1.0/../../../../arm-none-eabi/lib/thumb\libg.a(lib_a-locale.o)
 .comment       0x0000000000000022       0x23 c:/devkitpro/devkitarm/bin/../lib/gcc/arm-none-eabi/8.1.0/../../../../arm-none-eabi/lib/thumb\libg.a(lib_a-mbtowc_r.o)
 .comment       0x0000000000000022       0x23 c:/devkitpro/devkitarm/bin/../lib/gcc/arm-none-eabi/8.1.0/../../../../arm-none-eabi/lib/thumb\libg.a(lib_a-memchr-stub.o)
 .comment       0x0000000000000022       0x23 c:/devkitpro/devkitarm/bin/../lib/gcc/arm-none-eabi/8.1.0/../../../../arm-none-eabi/lib/thumb\libg.a(lib_a-memcpy-stub.o)
 .comment       0x0000000000000022       0x23 c:/devkitpro/devkitarm/bin/../lib/gcc/arm-none-eabi/8.1.0/../../../../arm-none-eabi/lib/thumb\libg.a(lib_a-mprec.o)
 .comment       0x0000000000000022       0x23 c:/devkitpro/devkitarm/bin/../lib/gcc/arm-none-eabi/8.1.0/../../../../arm-none-eabi/lib/thumb\libg.a(lib_a-s_frexp.o)
 .comment       0x0000000000000022       0x23 c:/devkitpro/devkitarm/bin/../lib/gcc/arm-none-eabi/8.1.0/../../../../arm-none-eabi/lib/thumb\libg.a(lib_a-strncpy.o)
 .comment       0x0000000000000022       0x23 c:/devkitpro/devkitarm/bin/../lib/gcc/arm-none-eabi/8.1.0/../../../../arm-none-eabi/lib/thumb\libg.a(lib_a-svfiprintf.o)
 .comment       0x0000000000000022       0x23 c:/devkitpro/devkitarm/bin/../lib/gcc/arm-none-eabi/8.1.0/../../../../arm-none-eabi/lib/thumb\libg.a(lib_a-wcsnrtombs.o)
 .comment       0x0000000000000022       0x23 c:/devkitpro/devkitarm/bin/../lib/gcc/arm-none-eabi/8.1.0/../../../../arm-none-eabi/lib/thumb\libg.a(lib_a-wctomb_r.o)
 .comment       0x0000000000000022       0x23 c:/devkitpro/devkitarm/bin/../lib/gcc/arm-none-eabi/8.1.0/../../../../arm-none-eabi/lib/thumb\libg.a(lib_a-callocr.o)
 .comment       0x0000000000000022       0x23 c:/devkitpro/devkitarm/bin/../lib/gcc/arm-none-eabi/8.1.0/../../../../arm-none-eabi/lib/thumb\libg.a(lib_a-ctype_.o)
 .comment       0x0000000000000022       0x23 c:/devkitpro/devkitarm/bin/../lib/gcc/arm-none-eabi/8.1.0/../../../../arm-none-eabi/lib/thumb\libg.a(lib_a-memmove.o)
 .comment       0x0000000000000022       0x23 c:/devkitpro/devkitarm/bin/../lib/gcc/arm-none-eabi/8.1.0/../../../../arm-none-eabi/lib/thumb\libg.a(lib_a-reallocr.o)
 .comment       0x0000000000000022       0x23 c:/devkitpro/devkitarm/bin/../lib/gcc/arm-none-eabi/8.1.0/../../../../arm-none-eabi/lib/thumb\libsysbase.a(sbrk.o)
 .comment       0x0000000000000022       0x23 c:/devkitpro/devkitarm/bin/../lib/gcc/arm-none-eabi/8.1.0/../../../../arm-none-eabi/lib/thumb\libsysbase.a(malloc_vars.o)
 .comment       0x0000000000000022       0x23 c:/devkitpro/devkitarm/bin/../lib/gcc/arm-none-eabi/8.1.0/../../../../arm-none-eabi/lib/thumb\libsysbase.a(syscall_support.o)
 .comment       0x0000000000000022       0x23 c:/devkitpro/devkitarm/bin/../lib/gcc/arm-none-eabi/8.1.0/../../../../arm-none-eabi/lib/thumb\libsysbase.a(getreent.o)
 .comment       0x0000000000000022       0x23 c:/devkitpro/devkitarm/bin/../lib/gcc/arm-none-eabi/8.1.0/thumb\libgcc.a(_udivmoddi4.o)
 .comment       0x0000000000000022       0x23 c:/devkitpro/devkitarm/bin/../lib/gcc/arm-none-eabi/8.1.0/../../../../arm-none-eabi/lib/thumb\libg.a(lib_a-impure.o)
 .comment       0x0000000000000022       0x23 c:/devkitpro/devkitarm/bin/../lib/gcc/arm-none-eabi/8.1.0/thumb/crtend.o

.ARM.attributes
                0x0000000000000000       0x2c
 .ARM.attributes
                0x0000000000000000       0x20 c:/devkitpro/devkitarm/bin/../lib/gcc/arm-none-eabi/8.1.0/../../../../arm-none-eabi/lib/thumb/gba_crt0.o
 .ARM.attributes
                0x0000000000000020       0x1c c:/devkitpro/devkitarm/bin/../lib/gcc/arm-none-eabi/8.1.0/thumb/crti.o
 .ARM.attributes
                0x000000000000003c       0x2a c:/devkitpro/devkitarm/bin/../lib/gcc/arm-none-eabi/8.1.0/thumb/crtbegin.o
 .ARM.attributes
                0x0000000000000066       0x26 XbooLoad.o
 .ARM.attributes
                0x000000000000008c       0x2a C:/devkitPro/libgba/lib\libgba.a(xcomms_print.o)
 .ARM.attributes
                0x00000000000000b6       0x2a C:/devkitPro/libgba/lib\libgba.a(pcx.o)
 .ARM.attributes
                0x00000000000000e0       0x2a C:/devkitPro/libgba/lib\libgba.a(interrupt.o)
 .ARM.attributes
                0x000000000000010a       0x2a C:/devkitPro/libgba/lib\libgba.a(xcomms.o)
 .ARM.attributes
                0x0000000000000134       0x2a C:/devkitPro/libgba/lib\libgba.a(fade.o)
 .ARM.attributes
                0x000000000000015e       0x2a C:/devkitPro/libgba/lib\libgba.a(input.o)
 .ARM.attributes
                0x0000000000000188       0x1a C:/devkitPro/libgba/lib\libgba.a(InterruptDispatcher.o)
 .ARM.attributes
                0x00000000000001a2       0x1c c:/devkitpro/devkitarm/bin/../lib/gcc/arm-none-eabi/8.1.0/thumb\libgcc.a(_divsi3.o)
 .ARM.attributes
                0x00000000000001be       0x1c c:/devkitpro/devkitarm/bin/../lib/gcc/arm-none-eabi/8.1.0/thumb\libgcc.a(_dvmd_tls.o)
 .ARM.attributes
                0x00000000000001da       0x2a c:/devkitpro/devkitarm/bin/../lib/gcc/arm-none-eabi/8.1.0/../../../../arm-none-eabi/lib/thumb\libg.a(lib_a-init.o)
 .ARM.attributes
                0x0000000000000204       0x2a c:/devkitpro/devkitarm/bin/../lib/gcc/arm-none-eabi/8.1.0/../../../../arm-none-eabi/lib/thumb\libg.a(lib_a-malloc.o)
 .ARM.attributes
                0x000000000000022e       0x2a c:/devkitpro/devkitarm/bin/../lib/gcc/arm-none-eabi/8.1.0/../../../../arm-none-eabi/lib/thumb\libg.a(lib_a-mallocr.o)
 .ARM.attributes
                0x0000000000000258       0x2a c:/devkitpro/devkitarm/bin/../lib/gcc/arm-none-eabi/8.1.0/../../../../arm-none-eabi/lib/thumb\libg.a(lib_a-memset.o)
 .ARM.attributes
                0x0000000000000282       0x2a c:/devkitpro/devkitarm/bin/../lib/gcc/arm-none-eabi/8.1.0/../../../../arm-none-eabi/lib/thumb\libg.a(lib_a-mlock.o)
 .ARM.attributes
                0x00000000000002ac       0x2a c:/devkitpro/devkitarm/bin/../lib/gcc/arm-none-eabi/8.1.0/../../../../arm-none-eabi/lib/thumb\libg.a(lib_a-strlen-stub.o)
 .ARM.attributes
                0x00000000000002d6       0x2a c:/devkitpro/devkitarm/bin/../lib/gcc/arm-none-eabi/8.1.0/../../../../arm-none-eabi/lib/thumb\libg.a(lib_a-vsnprintf.o)
 .ARM.attributes
                0x0000000000000300       0x2a c:/devkitpro/devkitarm/bin/../lib/gcc/arm-none-eabi/8.1.0/../../../../arm-none-eabi/lib/thumb\libg.a(lib_a-freer.o)
 .ARM.attributes
                0x000000000000032a       0x2a c:/devkitpro/devkitarm/bin/../lib/gcc/arm-none-eabi/8.1.0/../../../../arm-none-eabi/lib/thumb\libg.a(lib_a-svfprintf.o)
 .ARM.attributes
                0x0000000000000354       0x2a c:/devkitpro/devkitarm/bin/../lib/gcc/arm-none-eabi/8.1.0/../../../../arm-none-eabi/lib/thumb\libg.a(lib_a-wcrtomb.o)
 .ARM.attributes
                0x000000000000037e       0x2a c:/devkitpro/devkitarm/bin/../lib/gcc/arm-none-eabi/8.1.0/../../../../arm-none-eabi/lib/thumb\libg.a(lib_a-wcsrtombs.o)
 .ARM.attributes
                0x00000000000003a8       0x2a c:/devkitpro/devkitarm/bin/../lib/gcc/arm-none-eabi/8.1.0/../../../../arm-none-eabi/lib/thumb\libg.a(lib_a-dtoa.o)
 .ARM.attributes
                0x00000000000003d2       0x2a c:/devkitpro/devkitarm/bin/../lib/gcc/arm-none-eabi/8.1.0/../../../../arm-none-eabi/lib/thumb\libg.a(lib_a-localeconv.o)
 .ARM.attributes
                0x00000000000003fc       0x2a c:/devkitpro/devkitarm/bin/../lib/gcc/arm-none-eabi/8.1.0/../../../../arm-none-eabi/lib/thumb\libg.a(lib_a-locale.o)
 .ARM.attributes
                0x0000000000000426       0x2a c:/devkitpro/devkitarm/bin/../lib/gcc/arm-none-eabi/8.1.0/../../../../arm-none-eabi/lib/thumb\libg.a(lib_a-mbtowc_r.o)
 .ARM.attributes
                0x0000000000000450       0x2a c:/devkitpro/devkitarm/bin/../lib/gcc/arm-none-eabi/8.1.0/../../../../arm-none-eabi/lib/thumb\libg.a(lib_a-memchr-stub.o)
 .ARM.attributes
                0x000000000000047a       0x2a c:/devkitpro/devkitarm/bin/../lib/gcc/arm-none-eabi/8.1.0/../../../../arm-none-eabi/lib/thumb\libg.a(lib_a-memcpy-stub.o)
 .ARM.attributes
                0x00000000000004a4       0x2a c:/devkitpro/devkitarm/bin/../lib/gcc/arm-none-eabi/8.1.0/../../../../arm-none-eabi/lib/thumb\libg.a(lib_a-mprec.o)
 .ARM.attributes
                0x00000000000004ce       0x2a c:/devkitpro/devkitarm/bin/../lib/gcc/arm-none-eabi/8.1.0/../../../../arm-none-eabi/lib/thumb\libg.a(lib_a-s_frexp.o)
 .ARM.attributes
                0x00000000000004f8       0x2a c:/devkitpro/devkitarm/bin/../lib/gcc/arm-none-eabi/8.1.0/../../../../arm-none-eabi/lib/thumb\libg.a(lib_a-strncpy.o)
 .ARM.attributes
                0x0000000000000522       0x2a c:/devkitpro/devkitarm/bin/../lib/gcc/arm-none-eabi/8.1.0/../../../../arm-none-eabi/lib/thumb\libg.a(lib_a-svfiprintf.o)
 .ARM.attributes
                0x000000000000054c       0x2a c:/devkitpro/devkitarm/bin/../lib/gcc/arm-none-eabi/8.1.0/../../../../arm-none-eabi/lib/thumb\libg.a(lib_a-wcsnrtombs.o)
 .ARM.attributes
                0x0000000000000576       0x2a c:/devkitpro/devkitarm/bin/../lib/gcc/arm-none-eabi/8.1.0/../../../../arm-none-eabi/lib/thumb\libg.a(lib_a-wctomb_r.o)
 .ARM.attributes
                0x00000000000005a0       0x2a c:/devkitpro/devkitarm/bin/../lib/gcc/arm-none-eabi/8.1.0/../../../../arm-none-eabi/lib/thumb\libg.a(lib_a-callocr.o)
 .ARM.attributes
                0x00000000000005ca       0x2a c:/devkitpro/devkitarm/bin/../lib/gcc/arm-none-eabi/8.1.0/../../../../arm-none-eabi/lib/thumb\libg.a(lib_a-ctype_.o)
 .ARM.attributes
                0x00000000000005f4       0x2a c:/devkitpro/devkitarm/bin/../lib/gcc/arm-none-eabi/8.1.0/../../../../arm-none-eabi/lib/thumb\libg.a(lib_a-memmove.o)
 .ARM.attributes
                0x000000000000061e       0x2a c:/devkitpro/devkitarm/bin/../lib/gcc/arm-none-eabi/8.1.0/../../../../arm-none-eabi/lib/thumb\libg.a(lib_a-reallocr.o)
 .ARM.attributes
                0x0000000000000648       0x2a c:/devkitpro/devkitarm/bin/../lib/gcc/arm-none-eabi/8.1.0/../../../../arm-none-eabi/lib/thumb\libsysbase.a(sbrk.o)
 .ARM.attributes
                0x0000000000000672       0x30 c:/devkitpro/devkitarm/bin/../lib/gcc/arm-none-eabi/8.1.0/../../../../arm-none-eabi/lib/thumb\libsysbase.a(malloc_vars.o)
 .ARM.attributes
                0x00000000000006a2       0x2a c:/devkitpro/devkitarm/bin/../lib/gcc/arm-none-eabi/8.1.0/../../../../arm-none-eabi/lib/thumb\libsysbase.a(syscall_support.o)
 .ARM.attributes
                0x00000000000006cc       0x2a c:/devkitpro/devkitarm/bin/../lib/gcc/arm-none-eabi/8.1.0/../../../../arm-none-eabi/lib/thumb\libsysbase.a(getreent.o)
 .ARM.attributes
                0x00000000000006f6       0x1c c:/devkitpro/devkitarm/bin/../lib/gcc/arm-none-eabi/8.1.0/thumb\libgcc.a(_thumb1_case_uqi.o)
 .ARM.attributes
                0x0000000000000712       0x1c c:/devkitpro/devkitarm/bin/../lib/gcc/arm-none-eabi/8.1.0/thumb\libgcc.a(_thumb1_case_uhi.o)
 .ARM.attributes
                0x000000000000072e       0x1c c:/devkitpro/devkitarm/bin/../lib/gcc/arm-none-eabi/8.1.0/thumb\libgcc.a(_udivsi3.o)
 .ARM.attributes
                0x000000000000074a       0x1c c:/devkitpro/devkitarm/bin/../lib/gcc/arm-none-eabi/8.1.0/thumb\libgcc.a(_arm_addsubdf3.o)
 .ARM.attributes
                0x0000000000000766       0x1c c:/devkitpro/devkitarm/bin/../lib/gcc/arm-none-eabi/8.1.0/thumb\libgcc.a(_arm_muldivdf3.o)
 .ARM.attributes
                0x0000000000000782       0x1c c:/devkitpro/devkitarm/bin/../lib/gcc/arm-none-eabi/8.1.0/thumb\libgcc.a(_arm_cmpdf2.o)
 .ARM.attributes
                0x000000000000079e       0x1c c:/devkitpro/devkitarm/bin/../lib/gcc/arm-none-eabi/8.1.0/thumb\libgcc.a(_arm_unorddf2.o)
 .ARM.attributes
                0x00000000000007ba       0x1c c:/devkitpro/devkitarm/bin/../lib/gcc/arm-none-eabi/8.1.0/thumb\libgcc.a(_arm_fixdfsi.o)
 .ARM.attributes
                0x00000000000007d6       0x1c c:/devkitpro/devkitarm/bin/../lib/gcc/arm-none-eabi/8.1.0/thumb\libgcc.a(_aeabi_uldivmod.o)
 .ARM.attributes
                0x00000000000007f2       0x2a c:/devkitpro/devkitarm/bin/../lib/gcc/arm-none-eabi/8.1.0/thumb\libgcc.a(_udivmoddi4.o)
 .ARM.attributes
                0x000000000000081c       0x1c c:/devkitpro/devkitarm/bin/../lib/gcc/arm-none-eabi/8.1.0/thumb\libgcc.a(_clzdi2.o)
 .ARM.attributes
                0x0000000000000838       0x1c c:/devkitpro/devkitarm/bin/../lib/gcc/arm-none-eabi/8.1.0/thumb\libgcc.a(_clzsi2.o)
 .ARM.attributes
                0x0000000000000854       0x30 c:/devkitpro/devkitarm/bin/../lib/gcc/arm-none-eabi/8.1.0/../../../../arm-none-eabi/lib/thumb\libg.a(lib_a-impure.o)
 .ARM.attributes
                0x0000000000000884       0x30 c:/devkitpro/devkitarm/bin/../lib/gcc/arm-none-eabi/8.1.0/thumb/crtend.o
 .ARM.attributes
                0x00000000000008b4       0x1c c:/devkitpro/devkitarm/bin/../lib/gcc/arm-none-eabi/8.1.0/thumb/crtn.o

.debug
 *(.debug)

.line
 *(.line)

.debug_srcinfo
 *(.debug_srcinfo)

.debug_sfnames
 *(.debug_sfnames)

.debug_aranges  0x0000000000000000      0x108
 *(.debug_aranges)
 .debug_aranges
                0x0000000000000000       0x28 XbooLoad.o
 .debug_aranges
                0x0000000000000028       0x20 C:/devkitPro/libgba/lib\libgba.a(xcomms_print.o)
 .debug_aranges
                0x0000000000000048       0x20 C:/devkitPro/libgba/lib\libgba.a(pcx.o)
 .debug_aranges
                0x0000000000000068       0x20 C:/devkitPro/libgba/lib\libgba.a(interrupt.o)
 .debug_aranges
                0x0000000000000088       0x20 C:/devkitPro/libgba/lib\libgba.a(xcomms.o)
 .debug_aranges
                0x00000000000000a8       0x20 C:/devkitPro/libgba/lib\libgba.a(fade.o)
 .debug_aranges
                0x00000000000000c8       0x20 C:/devkitPro/libgba/lib\libgba.a(input.o)
 .debug_aranges
                0x00000000000000e8       0x20 C:/devkitPro/libgba/lib\libgba.a(InterruptDispatcher.o)

.debug_pubnames
 *(.debug_pubnames)

.debug_info     0x0000000000000000     0x3ed4
 *(.debug_info)
 .debug_info    0x0000000000000000      0xf58 XbooLoad.o
 .debug_info    0x0000000000000f58      0xace C:/devkitPro/libgba/lib\libgba.a(xcomms_print.o)
 .debug_info    0x0000000000001a26      0x3bd C:/devkitPro/libgba/lib\libgba.a(pcx.o)
 .debug_info    0x0000000000001de3      0x41b C:/devkitPro/libgba/lib\libgba.a(interrupt.o)
 .debug_info    0x00000000000021fe     0x14f9 C:/devkitPro/libgba/lib\libgba.a(xcomms.o)
 .debug_info    0x00000000000036f7      0x550 C:/devkitPro/libgba/lib\libgba.a(fade.o)
 .debug_info    0x0000000000003c47      0x267 C:/devkitPro/libgba/lib\libgba.a(input.o)
 .debug_info    0x0000000000003eae       0x26 C:/devkitPro/libgba/lib\libgba.a(InterruptDispatcher.o)

.debug_abbrev   0x0000000000000000     0x1027
 *(.debug_abbrev)
 .debug_abbrev  0x0000000000000000      0x346 XbooLoad.o
 .debug_abbrev  0x0000000000000346      0x295 C:/devkitPro/libgba/lib\libgba.a(xcomms_print.o)
 .debug_abbrev  0x00000000000005db      0x137 C:/devkitPro/libgba/lib\libgba.a(pcx.o)
 .debug_abbrev  0x0000000000000712      0x1ee C:/devkitPro/libgba/lib\libgba.a(interrupt.o)
 .debug_abbrev  0x0000000000000900      0x409 C:/devkitPro/libgba/lib\libgba.a(xcomms.o)
 .debug_abbrev  0x0000000000000d09      0x1e4 C:/devkitPro/libgba/lib\libgba.a(fade.o)
 .debug_abbrev  0x0000000000000eed      0x126 C:/devkitPro/libgba/lib\libgba.a(input.o)
 .debug_abbrev  0x0000000000001013       0x14 C:/devkitPro/libgba/lib\libgba.a(InterruptDispatcher.o)

.debug_line     0x0000000000000000     0x24e2
 *(.debug_line)
 .debug_line    0x0000000000000000      0x2f2 XbooLoad.o
 .debug_line    0x00000000000002f2      0x267 C:/devkitPro/libgba/lib\libgba.a(xcomms_print.o)
 .debug_line    0x0000000000000559      0x34f C:/devkitPro/libgba/lib\libgba.a(pcx.o)
 .debug_line    0x00000000000008a8      0x5ae C:/devkitPro/libgba/lib\libgba.a(interrupt.o)
 .debug_line    0x0000000000000e56      0xd49 C:/devkitPro/libgba/lib\libgba.a(xcomms.o)
 .debug_line    0x0000000000001b9f      0x5fa C:/devkitPro/libgba/lib\libgba.a(fade.o)
 .debug_line    0x0000000000002199      0x297 C:/devkitPro/libgba/lib\libgba.a(input.o)
 .debug_line    0x0000000000002430       0xb2 C:/devkitPro/libgba/lib\libgba.a(InterruptDispatcher.o)

.debug_frame    0x0000000000000000      0x440
 *(.debug_frame)
 .debug_frame   0x0000000000000000       0x44 XbooLoad.o
 .debug_frame   0x0000000000000044       0x30 C:/devkitPro/libgba/lib\libgba.a(xcomms_print.o)
 .debug_frame   0x0000000000000074       0x3c C:/devkitPro/libgba/lib\libgba.a(pcx.o)
 .debug_frame   0x00000000000000b0       0xb0 C:/devkitPro/libgba/lib\libgba.a(interrupt.o)
 .debug_frame   0x0000000000000160      0x1b4 C:/devkitPro/libgba/lib\libgba.a(xcomms.o)
 .debug_frame   0x0000000000000314       0xac C:/devkitPro/libgba/lib\libgba.a(fade.o)
 .debug_frame   0x00000000000003c0       0x80 C:/devkitPro/libgba/lib\libgba.a(input.o)

.debug_str      0x0000000000000000      0xe99
 *(.debug_str)
 .debug_str     0x0000000000000000      0x8bc XbooLoad.o
                                        0x940 (size before relaxing)
 .debug_str     0x00000000000008bc      0x127 C:/devkitPro/libgba/lib\libgba.a(xcomms_print.o)
                                        0x620 (size before relaxing)
 .debug_str     0x00000000000009e3      0x10d C:/devkitPro/libgba/lib\libgba.a(pcx.o)
                                        0x263 (size before relaxing)
 .debug_str     0x0000000000000af0       0xf9 C:/devkitPro/libgba/lib\libgba.a(interrupt.o)
                                        0x310 (size before relaxing)
 .debug_str     0x0000000000000be9       0xe7 C:/devkitPro/libgba/lib\libgba.a(xcomms.o)
                                        0x70c (size before relaxing)
 .debug_str     0x0000000000000cd0       0xb2 C:/devkitPro/libgba/lib\libgba.a(fade.o)
                                        0x248 (size before relaxing)
 .debug_str     0x0000000000000d82       0xb7 C:/devkitPro/libgba/lib\libgba.a(input.o)
                                        0x21b (size before relaxing)
 .debug_str     0x0000000000000e39       0x60 C:/devkitPro/libgba/lib\libgba.a(InterruptDispatcher.o)
                                         0xa0 (size before relaxing)

.debug_loc      0x0000000000000000     0x1ec3
 *(.debug_loc)
 .debug_loc     0x0000000000000000       0xb6 XbooLoad.o
 .debug_loc     0x00000000000000b6       0x76 C:/devkitPro/libgba/lib\libgba.a(xcomms_print.o)
 .debug_loc     0x000000000000012c      0x6a9 C:/devkitPro/libgba/lib\libgba.a(pcx.o)
 .debug_loc     0x00000000000007d5      0x446 C:/devkitPro/libgba/lib\libgba.a(interrupt.o)
 .debug_loc     0x0000000000000c1b      0xb8e C:/devkitPro/libgba/lib\libgba.a(xcomms.o)
 .debug_loc     0x00000000000017a9      0x6db C:/devkitPro/libgba/lib\libgba.a(fade.o)
 .debug_loc     0x0000000000001e84       0x3f C:/devkitPro/libgba/lib\libgba.a(input.o)

.debug_macinfo
 *(.debug_macinfo)

.debug_weaknames
 *(.debug_weaknames)

.debug_funcnames
 *(.debug_funcnames)

.debug_typenames
 *(.debug_typenames)

.debug_varnames
 *(.debug_varnames)

.stack          0x0000000000080000        0x0
                0x0000000000080000                _stack = .
 *(.stack)
LOAD c:/devkitpro/devkitarm/bin/../lib/gcc/arm-none-eabi/8.1.0/../../../../arm-none-eabi/lib/thumb/gba_crt0.o
LOAD c:/devkitpro/devkitarm/bin/../lib/gcc/arm-none-eabi/8.1.0/thumb/crti.o
LOAD c:/devkitpro/devkitarm/bin/../lib/gcc/arm-none-eabi/8.1.0/thumb/crtbegin.o
LOAD XbooLoad.o
LOAD C:/devkitPro/libgba/lib\libgba.a
START GROUP
LOAD c:/devkitpro/devkitarm/bin/../lib/gcc/arm-none-eabi/8.1.0/thumb\libgcc.a
LOAD c:/devkitpro/devkitarm/bin/../lib/gcc/arm-none-eabi/8.1.0/../../../../arm-none-eabi/lib/thumb\libg.a
LOAD c:/devkitpro/devkitarm/bin/../lib/gcc/arm-none-eabi/8.1.0/../../../../arm-none-eabi/lib/thumb\libc.a
LOAD c:/devkitpro/devkitarm/bin/../lib/gcc/arm-none-eabi/8.1.0/../../../../arm-none-eabi/lib/thumb\libsysbase.a
END GROUP
LOAD c:/devkitpro/devkitarm/bin/../lib/gcc/arm-none-eabi/8.1.0/thumb/crtend.o
LOAD c:/devkitpro/devkitarm/bin/../lib/gcc/arm-none-eabi/8.1.0/thumb/crtn.o
OUTPUT(C:/devkitPro/examples/gba/xboo/XbooLoad/XbooLoad_mb.elf elf32-littlearm)

.debug_ranges   0x0000000000000000      0x318
 .debug_ranges  0x0000000000000000       0x48 XbooLoad.o
 .debug_ranges  0x0000000000000048       0x28 C:/devkitPro/libgba/lib\libgba.a(pcx.o)
 .debug_ranges  0x0000000000000070       0x70 C:/devkitPro/libgba/lib\libgba.a(interrupt.o)
 .debug_ranges  0x00000000000000e0      0x1e8 C:/devkitPro/libgba/lib\libgba.a(xcomms.o)
 .debug_ranges  0x00000000000002c8       0x50 C:/devkitPro/libgba/lib\libgba.a(fade.o)
